\BOOKMARK [0][-]{chapter*.1}{\376\377\000O\000f\000f\000i\000c\000i\000a\000l\000\040\000d\000e\000s\000c\000r\000i\000p\000t\000i\000o\000n}{}% 1
\BOOKMARK [0][-]{chapter*.4}{\376\377\000H\000i\000s\000t\000o\000r\000y\000\040\000o\000f\000\040\000t\000h\000e\000\040\000u\000n\000i\000t}{}% 2
\BOOKMARK [0][-]{chapter*.5}{\376\377\000R\000e\000l\000a\000t\000e\000d\000\040\000u\000n\000i\000t\000s\000\040\000a\000t\000\040\000B\000a\000t\000h}{}% 3
\BOOKMARK [0][-]{chapter*.6}{\376\377\000M\000o\000o\000d\000l\000e\000\040\000a\000n\000d\000\040\000o\000t\000h\000e\000r\000\040\000r\000e\000f\000e\000r\000e\000n\000c\000e\000s}{}% 4
\BOOKMARK [0][-]{chapter*.7}{\376\377\000D\000o\000w\000n\000l\000o\000a\000d\000s}{}% 5
\BOOKMARK [0][-]{chapter.9}{\376\377\000I\000n\000t\000r\000o\000d\000u\000c\000t\000i\000o\000n}{}% 6
\BOOKMARK [1][-]{section.20}{\376\377\000A\000\040\000r\000e\000m\000i\000n\000d\000e\000r\000\040\000o\000f\000\040\000v\000e\000c\000t\000o\000r\000\040\000c\000a\000l\000c\000u\000l\000u\000s}{chapter.9}% 7
\BOOKMARK [1][-]{section.23}{\376\377\000A\000\040\000r\000e\000m\000i\000n\000d\000e\000r\000\040\000o\000f\000\040\000c\000o\000m\000p\000l\000e\000x\000\040\000v\000a\000r\000i\000a\000b\000l\000e\000s}{chapter.9}% 8
\BOOKMARK [1][-]{section.35}{\376\377\000E\000x\000e\000r\000c\000i\000s\000e\000s}{chapter.9}% 9
\BOOKMARK [0][-]{chapter.36}{\376\377\000K\000i\000n\000e\000m\000a\000t\000i\000c\000s}{}% 10
\BOOKMARK [1][-]{section.43}{\376\377\000E\000u\000l\000e\000r\000i\000a\000n\000\040\000a\000n\000d\000\040\000L\000a\000g\000r\000a\000n\000g\000i\000a\000n\000\040\000c\000o\000o\000r\000d\000i\000n\000a\000t\000e\000s}{chapter.36}% 11
\BOOKMARK [1][-]{section.63}{\376\377\000F\000l\000o\000w\000\040\000v\000i\000s\000u\000a\000l\000i\000s\000a\000t\000i\000o\000n\000,\000\040\000f\000l\000u\000x\000e\000s\000,\000\040\000a\000n\000d\000\040\000f\000o\000r\000c\000e\000s}{chapter.36}% 12
\BOOKMARK [1][-]{section.96}{\376\377\000E\000x\000e\000r\000c\000i\000s\000e\000s}{chapter.36}% 13
\BOOKMARK [0][-]{chapter.130}{\376\377\000E\000q\000u\000a\000t\000i\000o\000n\000s\000\040\000o\000f\000\040\000m\000o\000t\000i\000o\000n}{}% 14
\BOOKMARK [1][-]{section.145}{\376\377\000R\000e\000y\000n\000o\000l\000d\000s\000'\000\040\000T\000r\000a\000n\000s\000p\000o\000r\000t\000\040\000T\000h\000e\000o\000r\000e\000m}{chapter.130}% 15
\BOOKMARK [1][-]{section.165}{\376\377\000C\000o\000n\000s\000e\000r\000v\000a\000t\000i\000o\000n\000\040\000o\000f\000\040\000m\000a\000s\000s}{chapter.130}% 16
\BOOKMARK [1][-]{section.182}{\376\377\000M\000o\000m\000e\000n\000t\000u\000m\000\040\000b\000a\000l\000a\000n\000c\000e}{chapter.130}% 17
\BOOKMARK [1][-]{section.193}{\376\377\000T\000h\000e\000\040\000E\000u\000l\000e\000r\000\040\000e\000q\000u\000a\000t\000i\000o\000n\000s}{chapter.130}% 18
\BOOKMARK [1][-]{section.216}{\376\377\000B\000e\000r\000n\000o\000u\000l\000l\000i\000'\000s\000\040\000e\000q\000u\000a\000t\000i\000o\000n}{chapter.130}% 19
\BOOKMARK [1][-]{section.253}{\376\377\000E\000x\000e\000r\000c\000i\000s\000e\000s}{chapter.130}% 20
\BOOKMARK [0][-]{chapter.283}{\376\377\000P\000o\000t\000e\000n\000t\000i\000a\000l\000\040\000f\000l\000o\000w\000s}{}% 21
\BOOKMARK [1][-]{section.288}{\376\377\000T\000h\000e\000\040\000v\000e\000l\000o\000c\000i\000t\000y\000\040\000p\000o\000t\000e\000n\000t\000i\000a\000l}{chapter.283}% 22
\BOOKMARK [1][-]{section.316}{\376\377\000T\000h\000e\000\040\000s\000t\000r\000e\000a\000m\000f\000u\000n\000c\000t\000i\000o\000n}{chapter.283}% 23
\BOOKMARK [1][-]{section.350}{\376\377\000T\000h\000e\000\040\000c\000o\000m\000p\000l\000e\000x\000\040\000p\000o\000t\000e\000n\000t\000i\000a\000l}{chapter.283}% 24
\BOOKMARK [1][-]{section.386}{\376\377\000T\000h\000e\000\040\000m\000e\000t\000h\000o\000d\000\040\000o\000f\000\040\000i\000m\000a\000g\000e\000s}{chapter.283}% 25
\BOOKMARK [1][-]{section.398}{\376\377\000C\000o\000n\000f\000o\000r\000m\000a\000l\000\040\000m\000a\000p\000p\000i\000n\000g}{chapter.283}% 26
\BOOKMARK [1][-]{section.427}{\376\377\000F\000l\000o\000w\000\040\000p\000a\000s\000t\000\040\000a\000n\000\040\000a\000e\000r\000o\000f\000o\000i\000l}{chapter.283}% 27
\BOOKMARK [1][-]{section.468}{\376\377\000E\000x\000e\000r\000c\000i\000s\000e\000s}{chapter.283}% 28
\BOOKMARK [0][-]{chapter.481}{\376\377\000W\000a\000t\000e\000r\000\040\000w\000a\000v\000e\000s}{}% 29
\BOOKMARK [1][-]{section.484}{\376\377\000G\000o\000v\000e\000r\000n\000i\000n\000g\000\040\000e\000q\000u\000a\000t\000i\000o\000n\000s\000\040\000o\000f\000\040\000w\000a\000t\000e\000r\000\040\000w\000a\000v\000e\000s}{chapter.481}% 30
\BOOKMARK [1][-]{section.501}{\376\377\000W\000a\000v\000e\000\040\000p\000a\000r\000a\000m\000e\000t\000e\000r\000s}{chapter.481}% 31
\BOOKMARK [1][-]{section.509}{\376\377\000S\000t\000o\000k\000e\000s\000\040\000w\000a\000v\000e\000s}{chapter.481}% 32
\BOOKMARK [1][-]{section.531}{\376\377\000G\000e\000n\000e\000r\000a\000l\000i\000s\000a\000t\000i\000o\000n\000s\000\040\000o\000f\000\040\000w\000a\000t\000e\000r\000\040\000w\000a\000v\000e\000s}{chapter.481}% 33
\BOOKMARK [1][-]{section.533}{\376\377\000E\000x\000e\000r\000c\000i\000s\000e\000s}{chapter.481}% 34
\BOOKMARK [-1][-]{section*.546}{\376\377\000A\000p\000p\000e\000n\000d\000i\000c\000e\000s}{}% 35
\BOOKMARK [0][-]{appendix.547}{\376\377\000S\000o\000l\000u\000t\000i\000o\000n\000s}{section*.546}% 36
\BOOKMARK [0][-]{appendix.562}{\376\377\000V\000e\000c\000t\000o\000r\000\040\000c\000a\000l\000c\000u\000l\000u\000s}{section*.546}% 37
\BOOKMARK [1][-]{section.563}{\376\377\000C\000o\000n\000v\000e\000r\000t\000i\000n\000g\000\040\000b\000e\000t\000w\000e\000e\000n\000\040\000d\000i\000f\000f\000e\000r\000e\000n\000t\000\040\000c\000o\000o\000r\000d\000i\000n\000a\000t\000e\000\040\000s\000y\000s\000t\000e\000m\000s}{appendix.562}% 38
\BOOKMARK [0][-]{appendix.620}{\376\377\000L\000i\000s\000t\000\040\000o\000f\000\040\000S\000y\000m\000b\000o\000l\000s}{section*.546}% 39
\BOOKMARK [-1][-]{section*.621}{\376\377\000B\000a\000c\000k\000\040\000M\000a\000t\000t\000e\000r}{}% 40
\BOOKMARK [0][-]{section*.622}{\376\377\000I\000n\000d\000e\000x}{section*.621}% 41
\BOOKMARK [0][-]{appendix*.624}{\376\377\000R\000e\000f\000e\000r\000e\000n\000c\000e\000s\000\040\000a\000n\000d\000\040\000f\000u\000r\000t\000h\000e\000r\000\040\000r\000e\000a\000d\000i\000n\000g}{section*.621}% 42
